Microchip MPLAB XC8 Compiler V1.41 ()

Linker command line:

--edf=/Applications/microchip/xc8/v1.41/dat/en_msgs.txt -cs \
  -h+dist/default/production/skel.X.production.sym \
  --cmf=dist/default/production/skel.X.production.cmf -z -Q18F6490 \
  -o/tmp/xcLSFFG7G -Mdist/default/production/skel.X.production.map -E1 \
  -ver=XC8 -ASTACK=060h-02ffh -pstack=STACK -ACODE=00h-03FFFh \
  -ACONST=00h-03FFFh -ASMALLCONST=0300h-03FFhx61 -AMEDIUMCONST=0300h-03FFFh \
  -ACOMRAM=01h-05Fh -AABS1=00h-02FFh -ABIGRAM=01h-02FFh \
  -ARAM=060h-0FFh,0100h-01FFhx2 -ABANK0=060h-0FFh -ABANK1=0100h-01FFh \
  -ABANK2=0200h-02FFh -ASFR=0F58h-0F5Fh,0F60h-0FFFh \
  -preset_vec=00h,intcode,intcodelo,powerup,init -pramtop=0300h \
  -psmallconst=SMALLCONST -pmediumconst=MEDIUMCONST -pconst=CONST \
  -AFARRAM=00h-00h -ACONFIG=0300000h-030000Dh -pconfig=CONFIG \
  -AIDLOC=0200000h-0200007h -pidloc=IDLOC \
  -prdata=COMRAM,nvrram=COMRAM,nvbit=COMRAM,rbss=COMRAM,rbit=COMRAM \
  -pfarbss=FARRAM,fardata=FARRAM,nvFARRAM=FARRAM \
  -pintsave_regs=BIGRAM,bigbss=BIGRAM,bigdata=BIGRAM -pbss=RAM \
  -pidata=CODE,irdata=CODE,ibigdata=CODE,ifardata=CODE -prparam=COMRAM \
  /tmp/xcfcgPMfK.obj dist/default/production/skel.X.production.obj 

Object code version is 3.11

Machine type is 18F6490

Call graph: (short form)




                Name                               Link     Load   Length Selector   Space Scale
/tmp/xcfcgPMfK.obj
                init                                  0        0        4        0       0
                idloc                            200000   200000        8   200000       0
                config                           300000   300000        A   300000       0
dist/default/production/skel.X.production.obj
                smallconst                          300      300       84      180       0
                text24                             141C     141C       1C      1C2       0
                text23                             144E     144E       12      1C2       0
                text22                             1234     1234       5E      1C2       0
                text21                              E84      E84       CA      1C2       0
                text20                             12E4     12E4       46      1C2       0
                text19                             1010     1010       82      1C2       0
                text18                             13AC     13AC       32      1C2       0
                text17                              F4E      F4E       C2      1C2       0
                text16                             1460     1460       10      1C2       0
                text15                             13FE     13FE       1E      1C2       0
                text14                             11D2     11D2       62      1C2       0
                text13                             1092     1092       72      1C2       0
                text12                             1292     1292       52      1C2       0
                text11                             132A     132A       42      1C2       0
                text10                             136C     136C       40      1C2       0
                text9                              116E     116E       64      1C2       0
                text8                               384      384      206      1C2       0
                text7                              1104     1104       6A      1C2       0
                text6                               AA0      AA0      174      1C2       0
                text5                              13DE     13DE       20      1C2       0
                text4                               C14      C14      14C      1C2       0
                text3                               58A      58A      1CE      1C2       0
                text2                               D60      D60      124      1C2       0
                text1                               758      758      1A8      1C2       0
                text0                               900      900      1A0      1C2       0
                cstackCOMRAM                          1        1       2F        1       1
                bssCOMRAM                            30       30       24        1       1
                cinit                              1438     1438       16      1C2       0

TOTAL           Name                               Link     Load   Length     Space
        CLASS   STACK          

        CLASS   CODE           
                init                                  0        0        4         0
                text24                             141C     141C       1C         0
                text23                             144E     144E       12         0
                text22                             1234     1234       5E         0
                text21                              E84      E84       CA         0
                text20                             12E4     12E4       46         0
                text19                             1010     1010       82         0
                text18                             13AC     13AC       32         0
                text17                              F4E      F4E       C2         0
                text16                             1460     1460       10         0
                text15                             13FE     13FE       1E         0
                text14                             11D2     11D2       62         0
                text13                             1092     1092       72         0
                text12                             1292     1292       52         0
                text11                             132A     132A       42         0
                text10                             136C     136C       40         0
                text9                              116E     116E       64         0
                text8                               384      384      206         0
                text7                              1104     1104       6A         0
                text6                               AA0      AA0      174         0
                text5                              13DE     13DE       20         0
                text4                               C14      C14      14C         0
                text3                               58A      58A      1CE         0
                text2                               D60      D60      124         0
                text1                               758      758      1A8         0
                text0                               900      900      1A0         0
                cinit                              1438     1438       16         0

        CLASS   CONST          

        CLASS   SMALLCONST     
                smallconst                          300      300       84         0

        CLASS   MEDIUMCONST    

        CLASS   COMRAM         
                cstackCOMRAM                          1        1       2F         1
                bssCOMRAM                            30       30       24         1

        CLASS   ABS1           

        CLASS   BIGRAM         

        CLASS   RAM            

        CLASS   BANK0          

        CLASS   BANK1          

        CLASS   BANK2          

        CLASS   SFR            

        CLASS   FARRAM         

        CLASS   CONFIG         
                config                           300000   300000        A         0

        CLASS   IDLOC          
                idloc                            200000   200000        8         0



SEGMENTS        Name                           Load    Length   Top    Selector   Space  Class

                reset_vec                      000000  000004  000004         0       0  CODE    
                cstackCOMRAM                   000001  000053  000054         1       1  COMRAM  
                smallconst                     000300  000084  000384       180       0  SMALLCON
                text8                          000384  0010EC  001470       1C2       0  CODE    
                idloc                          200000  000008  200008    200000       0  IDLOC   
                config                         300000  00000A  30000A    300000       0  CONFIG  


UNUSED ADDRESS RANGES

        Name                Unused          Largest block    Delta
        BANK0            000060-0000FF               A0
        BANK1            000100-0001FF              100
        BANK2            000200-0002FF              100
        BIGRAM           000054-0002FF              2AC
        CODE             000004-0002FF              2FC
                         001470-003FFF             2B90
        COMRAM           000054-00005F                C
        CONFIG           30000A-30000D                4
        CONST            000004-0002FF              2FC
                         001470-003FFF             2B90
        MEDIUMCONST      001470-003FFF             2B90
        RAM              000060-0002FF              100
        SFR              000F58-000FFF                8
        SMALLCONST       001470-003FFF              100
        STACK            000060-0002FF              2A0

                                  Symbol Table

?_ManualChan              cstackCOMRAM 00001C
?_SeekChannel             cstackCOMRAM 00001C
?_Vol_change              cstackCOMRAM 00001A
?___lwdiv                 cstackCOMRAM 000001
?___lwmod                 cstackCOMRAM 000008
?_presetFrequency         cstackCOMRAM 00001C
FMfrequenc@cn             cstackCOMRAM 000018
FMfrequenc@dat            cstackCOMRAM 00001A
FMfrequenc@f              cstackCOMRAM 000012
FMinit@ad                 cstackCOMRAM 000014
FMinit@dat                cstackCOMRAM 000012
FMread@data               cstackCOMRAM 000003
FMread@firstByt           cstackCOMRAM 00000A
FMread@regAddr            cstackCOMRAM 000009
FMread@secndByt           cstackCOMRAM 00000B
FMready@rdy               cstackCOMRAM 00000C
FMready@sts               cstackCOMRAM 000010
FMvers@vsn                cstackCOMRAM 00000C
FMwrite@adr               cstackCOMRAM 000007
FMwrite@firstByt          cstackCOMRAM 000005
FMwrite@secndByt          cstackCOMRAM 000006
ManualChan@channel        cstackCOMRAM 00001C
ManualChan@dir            cstackCOMRAM 00001E
OpenI2C@slew              cstackCOMRAM 000001
OpenI2C@sync_mode         cstackCOMRAM 000002
SeekChannel@channel       cstackCOMRAM 00001C
SeekChannel@dat           cstackCOMRAM 000023
SeekChannel@dir           cstackCOMRAM 00001E
SeekChannel@newchannel    cstackCOMRAM 000025
Vol_change@dir            cstackCOMRAM 00001C
Vol_change@vol            cstackCOMRAM 00001A
WriteI2C@data_out         cstackCOMRAM 000002
_ADCON1                   (abs)        000FC1
_FMfrequenc               text13       001092
_FMinit                   text17       000F4E
_FMread                   text21       000E84
_FMready                  text20       0012E4
_FMvers                   text16       001460
_FMwrite                  text19       001010
_INTCONbits               (abs)        000FF2
_IdleI2C                  text23       00144E
_Init                     text14       0011D2
_LCDCON                   (abs)        000F59
_LCDDATA0                 (abs)        000F60
_LCDDATA1                 (abs)        000F61
_LCDDATA2                 (abs)        000F62
_LCDDigits                smallconst   000371
_LCDPS                    (abs)        000F58
_LCDSE0                   (abs)        000F5A
_LCDSE1                   (abs)        000F5B
_LCDSE2                   (abs)        000F5C
_LCDSE3                   (abs)        000F5D
_ManualChan               text7        001104
_OSCCON                   (abs)        000FD3
_OpenI2C                  text15       0013FE
_PIR1bits                 (abs)        000F9E
_PORTA                    (abs)        000F80
_PORTAbits                (abs)        000F80
_PORTB                    (abs)        000F81
_PORTBbits                (abs)        000F81
_PORTC                    (abs)        000F82
_PORTGbits                (abs)        000F86
_ReadI2C                  text24       00141C
_SSPADD                   (abs)        000FC8
_SSPBUF                   (abs)        000FC9
_SSPCON1                  (abs)        000FC6
_SSPCON1bits              (abs)        000FC6
_SSPCON2                  (abs)        000FC5
_SSPCON2bits              (abs)        000FC5
_SSPSTAT                  (abs)        000FC7
_SSPSTATbits              (abs)        000FC7
_SeekChannel              text6        000AA0
_T0CON                    (abs)        000FD5
_T0CONbits                (abs)        000FD5
_TMR0H                    (abs)        000FD7
_TMR0L                    (abs)        000FD6
_TRISA                    (abs)        000F92
_TRISB                    (abs)        000F93
_TRISC                    (abs)        000F94
_TRISCbits                (abs)        000F94
_TRISG                    (abs)        000F98
_Vol_change               text3        00058A
_Vol_data                 smallconst   000301
_WriteI2C                 text22       001234
__CFG_BOREN$OFF           (abs)        000000
__CFG_BORV$3              (abs)        000000
__CFG_CP$OFF              (abs)        000000
__CFG_FCMEN$OFF           (abs)        000000
__CFG_IESO$OFF            (abs)        000000
__CFG_MCLRE$ON            (abs)        000000
__CFG_OSC$INTIO7          (abs)        000000
__CFG_PWRT$OFF            (abs)        000000
__CFG_STVREN$OFF          (abs)        000000
__CFG_WDT$OFF             (abs)        000000
__CFG_XINST$OFF           (abs)        000000
__HRAM                    (abs)        000000
__Habs1                   abs1         000000
__Hbank0                  bank0        000000
__Hbank1                  bank1        000000
__Hbank2                  bank2        000000
__Hbigbss                 bigbss       000000
__Hbigdata                bigdata      000000
__Hbigram                 bigram       000000
__Hbss                    bss          000000
__HbssCOMRAM              bssCOMRAM    000000
__Hcinit                  cinit        000000
__Hclrtext                clrtext      000000
__Hcomram                 comram       000000
__Hconfig                 config       30000A
__Hconst                  const        000000
__HcstackCOMRAM           cstackCOMRAM 000000
__Hdata                   data         000000
__Hfarbss                 farbss       000000
__Hfardata                fardata      000000
__Hibigdata               ibigdata     000000
__Hidata                  idata        000000
__Hidloc                  idloc        200008
__Hifardata               ifardata     000000
__Hinit                   init         000004
__Hintcode                intcode      000000
__Hintcode_body           intcode_body 000000
__Hintcodelo              intcodelo    000000
__Hintentry               intentry     000000
__Hintret                 intret       000000
__Hintsave_regs           intsave_regs 000000
__Hirdata                 irdata       000000
__Hmediumconst            mediumconst  000000
__HnvFARRAM               nvFARRAM     000000
__Hnvbit                  nvbit        000000
__Hnvrram                 nvrram       000000
__Hparam                  rparam       000000
__Hpowerup                powerup      000000
__Hram                    ram          000000
__Hramtop                 ramtop       000300
__Hrbit                   rbit         000000
__Hrbss                   rbss         000000
__Hrdata                  rdata        000000
__Hreset_vec              reset_vec    000000
__Hrparam                 rparam       000000
__Hsfr                    sfr          000000
__Hsmallconst             smallconst   000384
__Hspace_0                (abs)        30000A
__Hspace_1                (abs)        000054
__Hspace_2                (abs)        000000
__Hstack                  stack        000000
__Hstruct                 struct       000000
__Htemp                   temp         000000
__Htext                   text         000000
__Htext0                  text0        000000
__Htext1                  text1        000000
__Htext10                 text10       000000
__Htext11                 text11       000000
__Htext12                 text12       000000
__Htext13                 text13       000000
__Htext14                 text14       000000
__Htext15                 text15       000000
__Htext16                 text16       000000
__Htext17                 text17       000000
__Htext18                 text18       000000
__Htext19                 text19       000000
__Htext2                  text2        000000
__Htext20                 text20       000000
__Htext21                 text21       000000
__Htext22                 text22       000000
__Htext23                 text23       000000
__Htext24                 text24       000000
__Htext3                  text3        000000
__Htext4                  text4        000000
__Htext5                  text5        000000
__Htext6                  text6        000000
__Htext7                  text7        000000
__Htext8                  text8        000000
__Htext9                  text9        000000
__LRAM                    (abs)        000001
__Labs1                   abs1         000000
__Lbank0                  bank0        000000
__Lbank1                  bank1        000000
__Lbank2                  bank2        000000
__Lbigbss                 bigbss       000000
__Lbigdata                bigdata      000000
__Lbigram                 bigram       000000
__Lbss                    bss          000000
__LbssCOMRAM              bssCOMRAM    000000
__Lcinit                  cinit        000000
__Lclrtext                clrtext      000000
__Lcomram                 comram       000000
__Lconfig                 config       300000
__Lconst                  const        000000
__LcstackCOMRAM           cstackCOMRAM 000000
__Ldata                   data         000000
__Lfarbss                 farbss       000000
__Lfardata                fardata      000000
__Libigdata               ibigdata     000000
__Lidata                  idata        000000
__Lidloc                  idloc        200000
__Lifardata               ifardata     000000
__Linit                   init         000000
__Lintcode                intcode      000000
__Lintcode_body           intcode_body 000000
__Lintcodelo              intcodelo    000000
__Lintentry               intentry     000000
__Lintret                 intret       000000
__Lintsave_regs           intsave_regs 000000
__Lirdata                 irdata       000000
__Lmediumconst            mediumconst  000000
__LnvFARRAM               nvFARRAM     000000
__Lnvbit                  nvbit        000000
__Lnvrram                 nvrram       000000
__Lparam                  rparam       000000
__Lpowerup                powerup      000000
__Lram                    ram          000000
__Lramtop                 ramtop       000300
__Lrbit                   rbit         000000
__Lrbss                   rbss         000000
__Lrdata                  rdata        000000
__Lreset_vec              reset_vec    000000
__Lrparam                 rparam       000000
__Lsfr                    sfr          000000
__Lsmallconst             smallconst   000300
__Lspace_0                (abs)        000000
__Lspace_1                (abs)        000000
__Lspace_2                (abs)        000000
__Lstack                  stack        000000
__Lstruct                 struct       000000
__Ltemp                   temp         000000
__Ltext                   text         000000
__Ltext0                  text0        000000
__Ltext1                  text1        000000
__Ltext10                 text10       000000
__Ltext11                 text11       000000
__Ltext12                 text12       000000
__Ltext13                 text13       000000
__Ltext14                 text14       000000
__Ltext15                 text15       000000
__Ltext16                 text16       000000
__Ltext17                 text17       000000
__Ltext18                 text18       000000
__Ltext19                 text19       000000
__Ltext2                  text2        000000
__Ltext20                 text20       000000
__Ltext21                 text21       000000
__Ltext22                 text22       000000
__Ltext23                 text23       000000
__Ltext24                 text24       000000
__Ltext3                  text3        000000
__Ltext4                  text4        000000
__Ltext5                  text5        000000
__Ltext6                  text6        000000
__Ltext7                  text7        000000
__Ltext8                  text8        000000
__Ltext9                  text9        000000
__S0                      (abs)        30000A
__S1                      (abs)        000054
__S2                      (abs)        000000
___extmem_base            (abs)        002000
___inthi_sp               stack        000000
___intlo_sp               stack        000000
___lwdiv                  text12       001292
___lwdiv@counter          cstackCOMRAM 000007
___lwdiv@dividend         cstackCOMRAM 000001
___lwdiv@divisor          cstackCOMRAM 000003
___lwdiv@quotient         cstackCOMRAM 000005
___lwmod                  text11       00132A
___lwmod@counter          cstackCOMRAM 00000C
___lwmod@dividend         cstackCOMRAM 000008
___lwmod@divisor          cstackCOMRAM 00000A
___param_bank             (abs)        000000
___rparam_used            (abs)        000001
___sp                     stack        000000
__accesstop               (abs)        000060
__activetblptr            (abs)        000002
__end_of_FMfrequenc       text13       001104
__end_of_FMinit           text17       001010
__end_of_FMread           text21       000F4E
__end_of_FMready          text20       00132A
__end_of_FMvers           text16       001470
__end_of_FMwrite          text19       001092
__end_of_IdleI2C          text23       001460
__end_of_Init             text14       001234
__end_of_LCDDigits        smallconst   00037B
__end_of_ManualChan       text7        00116E
__end_of_OpenI2C          text15       00141C
__end_of_ReadI2C          text24       001438
__end_of_SeekChannel      text6        000C14
__end_of_Vol_change       text3        000758
__end_of_Vol_data         smallconst   00034D
__end_of_WriteI2C         text22       001292
__end_of___lwdiv          text12       0012E4
__end_of___lwmod          text11       00136C
__end_of__initialization  cinit        001444
__end_of_butnEvent        text2        000E84
__end_of_clrscn           text10       0013AC
__end_of_dly              text18       0013DE
__end_of_errfm            text5        0013FE
__end_of_main             text0        000AA0
__end_of_presetFreq       smallconst   000383
__end_of_presetFrequency  text1        000900
__end_of_regDflt          smallconst   000371
__end_of_segWrt           text9        0011D2
__end_of_showFreq         text8        00058A
__end_of_showVol          text4        000D60
__initialization          cinit        001438
__mediumconst             mediumconst  000000
__pbssCOMRAM              bssCOMRAM    000030
__pcinit                  cinit        001438
__pcstackCOMRAM           cstackCOMRAM 000001
__psmallconst             smallconst   000300
__ptext0                  text0        000900
__ptext1                  text1        000758
__ptext10                 text10       00136C
__ptext11                 text11       00132A
__ptext12                 text12       001292
__ptext13                 text13       001092
__ptext14                 text14       0011D2
__ptext15                 text15       0013FE
__ptext16                 text16       001460
__ptext17                 text17       000F4E
__ptext18                 text18       0013AC
__ptext19                 text19       001010
__ptext2                  text2        000D60
__ptext20                 text20       0012E4
__ptext21                 text21       000E84
__ptext22                 text22       001234
__ptext23                 text23       00144E
__ptext24                 text24       00141C
__ptext3                  text3        00058A
__ptext4                  text4        000C14
__ptext5                  text5        0013DE
__ptext6                  text6        000AA0
__ptext7                  text7        001104
__ptext8                  text8        000384
__ptext9                  text9        00116E
__ramtop                  ramtop       000300
__size_of_FMfrequenc      (abs)        000000
__size_of_FMinit          (abs)        000000
__size_of_FMread          (abs)        000000
__size_of_FMready         (abs)        000000
__size_of_FMvers          (abs)        000000
__size_of_FMwrite         (abs)        000000
__size_of_IdleI2C         (abs)        000000
__size_of_Init            (abs)        000000
__size_of_ManualChan      (abs)        000000
__size_of_OpenI2C         (abs)        000000
__size_of_ReadI2C         (abs)        000000
__size_of_SeekChannel     (abs)        000000
__size_of_Vol_change      (abs)        000000
__size_of_WriteI2C        (abs)        000000
__size_of___lwdiv         (abs)        000000
__size_of___lwmod         (abs)        000000
__size_of_butnEvent       (abs)        000000
__size_of_clrscn          (abs)        000000
__size_of_dly             (abs)        000000
__size_of_errfm           (abs)        000000
__size_of_main            (abs)        000000
__size_of_presetFrequency (abs)        000000
__size_of_segWrt          (abs)        000000
__size_of_showFreq        (abs)        000000
__size_of_showVol         (abs)        000000
__smallconst              smallconst   000300
_butnEvent                text2        000D60
_clrscn                   text10       00136C
_dly                      text18       0013AC
_errfm                    text5        0013DE
_main                     text0        000900
_presetFreq               smallconst   00037B
_presetFrequency          text1        000758
_regDflt                  smallconst   00034D
_regImg                   bssCOMRAM    000030
_segWrt                   text9        00116E
_showFreq                 text8        000384
_showVol                  text4        000C14
clrscn@CLEARptr           cstackCOMRAM 000001
clrscn@i                  cstackCOMRAM 000003
dly@d                     cstackCOMRAM 000001
dly@i                     cstackCOMRAM 000003
end_of_initialization     cinit        001444
intlevel0                 text         000000
intlevel1                 text         000000
intlevel2                 text         000000
intlevel3                 text         000000
main@counter              cstackCOMRAM 000027
main@evt                  cstackCOMRAM 000029
main@frequency            cstackCOMRAM 00002E
main@ui                   cstackCOMRAM 00002C
main@vol                  cstackCOMRAM 00002A
presetFrequency@channel   cstackCOMRAM 00001C
presetFrequency@counter   cstackCOMRAM 000022
presetFrequency@dir       cstackCOMRAM 00001E
segWrt@LCReg              cstackCOMRAM 000004
segWrt@bitSelect          cstackCOMRAM 000006
segWrt@segOrd             cstackCOMRAM 000007
segWrt@state              cstackCOMRAM 000001
showFreq@f                cstackCOMRAM 00000D
showFreq@hundreds         cstackCOMRAM 000016
showFreq@i                cstackCOMRAM 000018
showFreq@j                cstackCOMRAM 00001A
showFreq@ones             cstackCOMRAM 000012
showFreq@tens             cstackCOMRAM 000014
showVol@i                 cstackCOMRAM 000016
showVol@j                 cstackCOMRAM 000018
showVol@ones              cstackCOMRAM 000012
showVol@tens              cstackCOMRAM 000014
showVol@vol               cstackCOMRAM 00000D
stackhi                   (abs)        0002FF
stacklo                   (abs)        000060
start                     init         000000
start_initialization      cinit        001438


FUNCTION INFORMATION:

 *************** function _main *****************
 Defined at:
		line 756 in file "main.c"
 Parameters:    Size  Location     Type
		None
 Auto vars:     Size  Location     Type
  frequency       2   45[COMRAM] unsigned int 
  ui              2   43[COMRAM] unsigned int 
  vol             2   41[COMRAM] unsigned int 
  counter         2   38[COMRAM] int 
  i               2    0        int 
  evt             1   40[COMRAM] unsigned char 
 Return value:  Size  Location     Type
                  1    wreg      void 
 Registers used:
		wreg, fsr2l, fsr2h, status,2, status,0, tblptrl, tblptrh, tblptru, prodl, prodh, cstack
 Tracked objects:
		On entry : 
		On exit  : 
		Unchanged: 
 Data sizes:     COMRAM   BANK0   BANK1   BANK2
      Params:         0       0       0       0
      Locals:         9       0       0       0
      Temps:          0       0       0       0
      Totals:         9       0       0       0
Total ram usage:        9 bytes
 Hardware stack levels required when called:    6
 This function calls:
		_FMfrequenc
		_FMinit
		_FMvers
		_Init
		_ManualChan
		_SeekChannel
		_Vol_change
		_butnEvent
		_dly
		_errfm
		_presetFrequency
		_showFreq
 This function is called by:
		Startup code after reset
 This function uses a non-reentrant model


 *************** function _presetFrequency *****************
 Defined at:
		line 656 in file "main.c"
 Parameters:    Size  Location     Type
  channel         2   27[COMRAM] unsigned int 
  dir             2   29[COMRAM] unsigned int 
 Auto vars:     Size  Location     Type
  counter         2   33[COMRAM] int 
 Return value:  Size  Location     Type
                  2   27[COMRAM] unsigned int 
 Registers used:
		wreg, fsr2l, fsr2h, status,2, status,0, tblptrl, tblptrh, tblptru, prodl, prodh, cstack
 Tracked objects:
		On entry : 
		On exit  : 
		Unchanged: 
 Data sizes:     COMRAM   BANK0   BANK1   BANK2
      Params:         4       0       0       0
      Locals:         2       0       0       0
      Temps:          2       0       0       0
      Totals:         8       0       0       0
Total ram usage:        8 bytes
 Hardware stack levels used:    1
 Hardware stack levels required when called:    5
 This function calls:
		_FMfrequenc
		_showFreq
 This function is called by:
		_main
 This function uses a non-reentrant model


 *************** function _butnEvent *****************
 Defined at:
		line 111 in file "main.c"
 Parameters:    Size  Location     Type
		None
 Auto vars:     Size  Location     Type
		None
 Return value:  Size  Location     Type
                  1    wreg      unsigned char 
 Registers used:
		wreg
 Tracked objects:
		On entry : 
		On exit  : 
		Unchanged: 
 Data sizes:     COMRAM   BANK0   BANK1   BANK2
      Params:         0       0       0       0
      Locals:         0       0       0       0
      Temps:          2       0       0       0
      Totals:         2       0       0       0
Total ram usage:        2 bytes
 Hardware stack levels used:    1
 This function calls:
		Nothing
 This function is called by:
		_main
 This function uses a non-reentrant model


 *************** function _Vol_change *****************
 Defined at:
		line 716 in file "main.c"
 Parameters:    Size  Location     Type
  vol             2   25[COMRAM] unsigned int 
  dir             1   27[COMRAM] unsigned char 
 Auto vars:     Size  Location     Type
		None
 Return value:  Size  Location     Type
                  2   25[COMRAM] unsigned int 
 Registers used:
		wreg, fsr2l, fsr2h, status,2, status,0, tblptrl, tblptrh, tblptru, prodl, prodh, cstack
 Tracked objects:
		On entry : 
		On exit  : 
		Unchanged: 
 Data sizes:     COMRAM   BANK0   BANK1   BANK2
      Params:         3       0       0       0
      Locals:         0       0       0       0
      Temps:          4       0       0       0
      Totals:         7       0       0       0
Total ram usage:        7 bytes
 Hardware stack levels used:    1
 Hardware stack levels required when called:    3
 This function calls:
		_FMwrite
		_errfm
		_showVol
 This function is called by:
		_main
 This function uses a non-reentrant model


 *************** function _showVol *****************
 Defined at:
		line 683 in file "main.c"
 Parameters:    Size  Location     Type
  vol             2   12[COMRAM] unsigned int 
 Auto vars:     Size  Location     Type
  j               2   23[COMRAM] int 
  i               2   21[COMRAM] int 
  tens            2   19[COMRAM] int 
  ones            2   17[COMRAM] int 
 Return value:  Size  Location     Type
                  1    wreg      void 
 Registers used:
		wreg, fsr2l, fsr2h, status,2, status,0, tblptrl, tblptrh, tblptru, cstack
 Tracked objects:
		On entry : 
		On exit  : 
		Unchanged: 
 Data sizes:     COMRAM   BANK0   BANK1   BANK2
      Params:         2       0       0       0
      Locals:         8       0       0       0
      Temps:          3       0       0       0
      Totals:        13       0       0       0
Total ram usage:       13 bytes
 Hardware stack levels used:    1
 Hardware stack levels required when called:    1
 This function calls:
		___lwdiv
		___lwmod
		_clrscn
		_segWrt
 This function is called by:
		_Vol_change
 This function uses a non-reentrant model


 *************** function _errfm *****************
 Defined at:
		line 587 in file "main.c"
 Parameters:    Size  Location     Type
		None
 Auto vars:     Size  Location     Type
  i               2    0        int 
 Return value:  Size  Location     Type
                  1    wreg      void 
 Registers used:
		wreg, status,2, status,0, cstack
 Tracked objects:
		On entry : 
		On exit  : 
		Unchanged: 
 Data sizes:     COMRAM   BANK0   BANK1   BANK2
      Params:         0       0       0       0
      Locals:         0       0       0       0
      Temps:          0       0       0       0
      Totals:         0       0       0       0
Total ram usage:        0 bytes
 Hardware stack levels used:    1
 Hardware stack levels required when called:    1
 This function calls:
		_dly
 This function is called by:
		_Vol_change
		_main
 This function uses a non-reentrant model


 *************** function _SeekChannel *****************
 Defined at:
		line 493 in file "main.c"
 Parameters:    Size  Location     Type
  channel         2   27[COMRAM] unsigned int 
  dir             2   29[COMRAM] unsigned int 
 Auto vars:     Size  Location     Type
  newchannel      2   36[COMRAM] unsigned int 
  dat             2   34[COMRAM] unsigned int 
 Return value:  Size  Location     Type
                  2   27[COMRAM] unsigned int 
 Registers used:
		wreg, fsr2l, fsr2h, status,2, status,0, tblptrl, tblptrh, tblptru, prodl, prodh, cstack
 Tracked objects:
		On entry : 
		On exit  : 
		Unchanged: 
 Data sizes:     COMRAM   BANK0   BANK1   BANK2
      Params:         4       0       0       0
      Locals:         4       0       0       0
      Temps:          3       0       0       0
      Totals:        11       0       0       0
Total ram usage:       11 bytes
 Hardware stack levels used:    1
 Hardware stack levels required when called:    5
 This function calls:
		_FMfrequenc
		_FMread
		_FMready
		_FMwrite
		_dly
		_showFreq
 This function is called by:
		_main
 This function uses a non-reentrant model


 *************** function _ManualChan *****************
 Defined at:
		line 552 in file "main.c"
 Parameters:    Size  Location     Type
  channel         2   27[COMRAM] unsigned int 
  dir             1   29[COMRAM] unsigned char 
 Auto vars:     Size  Location     Type
		None
 Return value:  Size  Location     Type
                  2   27[COMRAM] unsigned int 
 Registers used:
		wreg, fsr2l, fsr2h, status,2, status,0, tblptrl, tblptrh, tblptru, prodl, prodh, cstack
 Tracked objects:
		On entry : 
		On exit  : 
		Unchanged: 
 Data sizes:     COMRAM   BANK0   BANK1   BANK2
      Params:         3       0       0       0
      Locals:         0       0       0       0
      Temps:          0       0       0       0
      Totals:         3       0       0       0
Total ram usage:        3 bytes
 Hardware stack levels used:    1
 Hardware stack levels required when called:    5
 This function calls:
		_FMfrequenc
		_showFreq
 This function is called by:
		_main
 This function uses a non-reentrant model


 *************** function _showFreq *****************
 Defined at:
		line 610 in file "main.c"
 Parameters:    Size  Location     Type
  f               2   12[COMRAM] unsigned int 
 Auto vars:     Size  Location     Type
  j               2   25[COMRAM] int 
  i               2   23[COMRAM] int 
  hundreds        2   21[COMRAM] int 
  tens            2   19[COMRAM] int 
  ones            2   17[COMRAM] int 
 Return value:  Size  Location     Type
                  1    wreg      void 
 Registers used:
		wreg, fsr2l, fsr2h, status,2, status,0, tblptrl, tblptrh, tblptru, cstack
 Tracked objects:
		On entry : 
		On exit  : 
		Unchanged: 
 Data sizes:     COMRAM   BANK0   BANK1   BANK2
      Params:         2       0       0       0
      Locals:        10       0       0       0
      Temps:          3       0       0       0
      Totals:        15       0       0       0
Total ram usage:       15 bytes
 Hardware stack levels used:    1
 Hardware stack levels required when called:    1
 This function calls:
		___lwdiv
		___lwmod
		_clrscn
		_segWrt
 This function is called by:
		_SeekChannel
		_ManualChan
		_presetFrequency
		_main
 This function uses a non-reentrant model


 *************** function _segWrt *****************
 Defined at:
		line 240 in file "main.c"
 Parameters:    Size  Location     Type
  segOrd          1    wreg     unsigned char 
  state           1    0[COMRAM] unsigned char 
 Auto vars:     Size  Location     Type
  segOrd          1    6[COMRAM] unsigned char 
  LCReg           2    3[COMRAM] PTR unsigned char 
		 -> LCDDATA0(1), 
  bitSelect       1    5[COMRAM] unsigned char 
 Return value:  Size  Location     Type
                  1    wreg      void 
 Registers used:
		wreg, fsr2l, fsr2h, status,2, status,0
 Tracked objects:
		On entry : 
		On exit  : 
		Unchanged: 
 Data sizes:     COMRAM   BANK0   BANK1   BANK2
      Params:         1       0       0       0
      Locals:         4       0       0       0
      Temps:          2       0       0       0
      Totals:         7       0       0       0
Total ram usage:        7 bytes
 Hardware stack levels used:    1
 This function calls:
		Nothing
 This function is called by:
		_showFreq
		_showVol
 This function uses a non-reentrant model


 *************** function _clrscn *****************
 Defined at:
		line 180 in file "main.c"
 Parameters:    Size  Location     Type
		None
 Auto vars:     Size  Location     Type
  i               2    2[COMRAM] int 
  CLEARptr        2    0[COMRAM] PTR unsigned char 
		 -> LCDDATA0(1), 
 Return value:  Size  Location     Type
                  1    wreg      void 
 Registers used:
		wreg, fsr2l, fsr2h, status,2, status,0
 Tracked objects:
		On entry : 
		On exit  : 
		Unchanged: 
 Data sizes:     COMRAM   BANK0   BANK1   BANK2
      Params:         0       0       0       0
      Locals:         4       0       0       0
      Temps:          0       0       0       0
      Totals:         4       0       0       0
Total ram usage:        4 bytes
 Hardware stack levels used:    1
 This function calls:
		Nothing
 This function is called by:
		_showFreq
		_showVol
 This function uses a non-reentrant model


 *************** function ___lwmod *****************
 Defined at:
		line 8 in file "/Applications/microchip/xc8/v1.41/sources/common/lwmod.c"
 Parameters:    Size  Location     Type
  dividend        2    7[COMRAM] unsigned int 
  divisor         2    9[COMRAM] unsigned int 
 Auto vars:     Size  Location     Type
  counter         1   11[COMRAM] unsigned char 
 Return value:  Size  Location     Type
                  2    7[COMRAM] unsigned int 
 Registers used:
		wreg, status,2, status,0
 Tracked objects:
		On entry : 
		On exit  : 
		Unchanged: 
 Data sizes:     COMRAM   BANK0   BANK1   BANK2
      Params:         4       0       0       0
      Locals:         1       0       0       0
      Temps:          0       0       0       0
      Totals:         5       0       0       0
Total ram usage:        5 bytes
 Hardware stack levels used:    1
 This function calls:
		Nothing
 This function is called by:
		_showFreq
		_showVol
 This function uses a non-reentrant model


 *************** function ___lwdiv *****************
 Defined at:
		line 8 in file "/Applications/microchip/xc8/v1.41/sources/common/lwdiv.c"
 Parameters:    Size  Location     Type
  dividend        2    0[COMRAM] unsigned int 
  divisor         2    2[COMRAM] unsigned int 
 Auto vars:     Size  Location     Type
  quotient        2    4[COMRAM] unsigned int 
  counter         1    6[COMRAM] unsigned char 
 Return value:  Size  Location     Type
                  2    0[COMRAM] unsigned int 
 Registers used:
		wreg, status,2, status,0
 Tracked objects:
		On entry : 
		On exit  : 
		Unchanged: 
 Data sizes:     COMRAM   BANK0   BANK1   BANK2
      Params:         4       0       0       0
      Locals:         3       0       0       0
      Temps:          0       0       0       0
      Totals:         7       0       0       0
Total ram usage:        7 bytes
 Hardware stack levels used:    1
 This function calls:
		Nothing
 This function is called by:
		_showFreq
		_showVol
 This function uses a non-reentrant model


 *************** function _FMfrequenc *****************
 Defined at:
		line 422 in file "main.c"
 Parameters:    Size  Location     Type
  f               2   17[COMRAM] unsigned int 
 Auto vars:     Size  Location     Type
  dat             2   25[COMRAM] unsigned int 
  cn              2   23[COMRAM] unsigned int 
 Return value:  Size  Location     Type
                  1    wreg      unsigned char 
 Registers used:
		wreg, fsr2l, fsr2h, status,2, status,0, prodl, prodh, cstack
 Tracked objects:
		On entry : 
		On exit  : 
		Unchanged: 
 Data sizes:     COMRAM   BANK0   BANK1   BANK2
      Params:         2       0       0       0
      Locals:         4       0       0       0
      Temps:          4       0       0       0
      Totals:        10       0       0       0
Total ram usage:       10 bytes
 Hardware stack levels used:    1
 Hardware stack levels required when called:    4
 This function calls:
		_FMready
		_FMwrite
		_dly
 This function is called by:
		_SeekChannel
		_ManualChan
		_presetFrequency
		_main
 This function uses a non-reentrant model


 *************** function _Init *****************
 Defined at:
		line 197 in file "main.c"
 Parameters:    Size  Location     Type
		None
 Auto vars:     Size  Location     Type
  i               2    0        int 
 Return value:  Size  Location     Type
                  1    wreg      void 
 Registers used:
		wreg, status,2, status,0, cstack
 Tracked objects:
		On entry : 
		On exit  : 
		Unchanged: 
 Data sizes:     COMRAM   BANK0   BANK1   BANK2
      Params:         0       0       0       0
      Locals:         0       0       0       0
      Temps:          0       0       0       0
      Totals:         0       0       0       0
Total ram usage:        0 bytes
 Hardware stack levels used:    1
 Hardware stack levels required when called:    1
 This function calls:
		_OpenI2C
 This function is called by:
		_main
 This function uses a non-reentrant model


 *************** function _OpenI2C *****************
 Defined at:
		line 14 in file "/Applications/microchip/xc8/v1.41/sources/pic18/plib/i2c/i2c_open.c"
 Parameters:    Size  Location     Type
  sync_mode       1    wreg     unsigned char 
  slew            1    0[COMRAM] unsigned char 
 Auto vars:     Size  Location     Type
  sync_mode       1    1[COMRAM] unsigned char 
 Return value:  Size  Location     Type
                  1    wreg      void 
 Registers used:
		wreg, status,2, status,0
 Tracked objects:
		On entry : 
		On exit  : 
		Unchanged: 
 Data sizes:     COMRAM   BANK0   BANK1   BANK2
      Params:         1       0       0       0
      Locals:         1       0       0       0
      Temps:          0       0       0       0
      Totals:         2       0       0       0
Total ram usage:        2 bytes
 Hardware stack levels used:    1
 This function calls:
		Nothing
 This function is called by:
		_Init
 This function uses a non-reentrant model


 *************** function _FMvers *****************
 Defined at:
		line 456 in file "main.c"
 Parameters:    Size  Location     Type
  vsn             2   11[COMRAM] PTR unsigned int 
		 -> main@ui(2), 
 Auto vars:     Size  Location     Type
		None
 Return value:  Size  Location     Type
                  1    wreg      unsigned char 
 Registers used:
		wreg, fsr2l, fsr2h, status,2, status,0, cstack
 Tracked objects:
		On entry : 
		On exit  : 
		Unchanged: 
 Data sizes:     COMRAM   BANK0   BANK1   BANK2
      Params:         2       0       0       0
      Locals:         0       0       0       0
      Temps:          0       0       0       0
      Totals:         2       0       0       0
Total ram usage:        2 bytes
 Hardware stack levels used:    1
 Hardware stack levels required when called:    3
 This function calls:
		_FMread
 This function is called by:
		_main
 This function uses a non-reentrant model


 *************** function _FMinit *****************
 Defined at:
		line 384 in file "main.c"
 Parameters:    Size  Location     Type
		None
 Auto vars:     Size  Location     Type
  dat             2   17[COMRAM] unsigned int 
  ad              1   19[COMRAM] unsigned char 
 Return value:  Size  Location     Type
                  1    wreg      unsigned char 
 Registers used:
		wreg, fsr2l, fsr2h, status,2, status,0, tblptrl, tblptrh, tblptru, prodl, prodh, cstack
 Tracked objects:
		On entry : 
		On exit  : 
		Unchanged: 
 Data sizes:     COMRAM   BANK0   BANK1   BANK2
      Params:         0       0       0       0
      Locals:         3       0       0       0
      Temps:          0       0       0       0
      Totals:         3       0       0       0
Total ram usage:        3 bytes
 Hardware stack levels used:    1
 Hardware stack levels required when called:    4
 This function calls:
		_FMready
		_FMwrite
		_dly
 This function is called by:
		_main
 This function uses a non-reentrant model


 *************** function _dly *****************
 Defined at:
		line 165 in file "main.c"
 Parameters:    Size  Location     Type
  d               2    0[COMRAM] int 
 Auto vars:     Size  Location     Type
  i               2    2[COMRAM] int 
 Return value:  Size  Location     Type
                  1    wreg      void 
 Registers used:
		wreg, status,2, status,0
 Tracked objects:
		On entry : 
		On exit  : 
		Unchanged: 
 Data sizes:     COMRAM   BANK0   BANK1   BANK2
      Params:         2       0       0       0
      Locals:         2       0       0       0
      Temps:          0       0       0       0
      Totals:         4       0       0       0
Total ram usage:        4 bytes
 Hardware stack levels used:    1
 This function calls:
		Nothing
 This function is called by:
		_FMinit
		_FMfrequenc
		_SeekChannel
		_errfm
		_main
 This function uses a non-reentrant model


 *************** function _FMwrite *****************
 Defined at:
		line 269 in file "main.c"
 Parameters:    Size  Location     Type
  adr             1    wreg     unsigned char 
 Auto vars:     Size  Location     Type
  adr             1    6[COMRAM] unsigned char 
  regstr          2    0        unsigned int 
  secndByt        1    5[COMRAM] unsigned char 
  firstByt        1    4[COMRAM] unsigned char 
  rpy             1    0        unsigned char 
 Return value:  Size  Location     Type
                  1    wreg      unsigned char 
 Registers used:
		wreg, fsr2l, fsr2h, status,2, status,0, prodl, prodh, cstack
 Tracked objects:
		On entry : 
		On exit  : 
		Unchanged: 
 Data sizes:     COMRAM   BANK0   BANK1   BANK2
      Params:         0       0       0       0
      Locals:         3       0       0       0
      Temps:          2       0       0       0
      Totals:         5       0       0       0
Total ram usage:        5 bytes
 Hardware stack levels used:    1
 Hardware stack levels required when called:    2
 This function calls:
		_IdleI2C
		_WriteI2C
 This function is called by:
		_FMinit
		_FMfrequenc
		_SeekChannel
		_Vol_change
 This function uses a non-reentrant model


 *************** function _FMready *****************
 Defined at:
		line 363 in file "main.c"
 Parameters:    Size  Location     Type
  rdy             2   11[COMRAM] PTR unsigned int 
		 -> SeekChannel@dat(2), FMfrequenc@dat(2), FMinit@dat(2), 
 Auto vars:     Size  Location     Type
  sts             2   15[COMRAM] unsigned int 
 Return value:  Size  Location     Type
                  1    wreg      unsigned char 
 Registers used:
		wreg, fsr2l, fsr2h, status,2, status,0, cstack
 Tracked objects:
		On entry : 
		On exit  : 
		Unchanged: 
 Data sizes:     COMRAM   BANK0   BANK1   BANK2
      Params:         2       0       0       0
      Locals:         2       0       0       0
      Temps:          2       0       0       0
      Totals:         6       0       0       0
Total ram usage:        6 bytes
 Hardware stack levels used:    1
 Hardware stack levels required when called:    3
 This function calls:
		_FMread
 This function is called by:
		_FMinit
		_FMfrequenc
		_SeekChannel
 This function uses a non-reentrant model


 *************** function _FMread *****************
 Defined at:
		line 313 in file "main.c"
 Parameters:    Size  Location     Type
  regAddr         1    wreg     unsigned char 
  data            2    2[COMRAM] PTR unsigned int 
		 -> main@ui(2), SeekChannel@newchannel(2), FMready@sts(2), 
 Auto vars:     Size  Location     Type
  regAddr         1    8[COMRAM] unsigned char 
  secndByt        1   10[COMRAM] unsigned char 
  firstByt        1    9[COMRAM] unsigned char 
 Return value:  Size  Location     Type
                  1    wreg      unsigned char 
 Registers used:
		wreg, fsr2l, fsr2h, status,2, status,0, cstack
 Tracked objects:
		On entry : 
		On exit  : 
		Unchanged: 
 Data sizes:     COMRAM   BANK0   BANK1   BANK2
      Params:         2       0       0       0
      Locals:         3       0       0       0
      Temps:          4       0       0       0
      Totals:         9       0       0       0
Total ram usage:        9 bytes
 Hardware stack levels used:    1
 Hardware stack levels required when called:    2
 This function calls:
		_IdleI2C
		_ReadI2C
		_WriteI2C
 This function is called by:
		_FMready
		_FMvers
		_SeekChannel
		_FMid
 This function uses a non-reentrant model


 *************** function _WriteI2C *****************
 Defined at:
		line 12 in file "/Applications/microchip/xc8/v1.41/sources/pic18/plib/i2c/i2c_writ.c"
 Parameters:    Size  Location     Type
  data_out        1    wreg     unsigned char 
 Auto vars:     Size  Location     Type
  data_out        1    1[COMRAM] unsigned char 
 Return value:  Size  Location     Type
                  1    wreg      char 
 Registers used:
		wreg, status,2, status,0, cstack
 Tracked objects:
		On entry : 
		On exit  : 
		Unchanged: 
 Data sizes:     COMRAM   BANK0   BANK1   BANK2
      Params:         0       0       0       0
      Locals:         1       0       0       0
      Temps:          0       0       0       0
      Totals:         1       0       0       0
Total ram usage:        1 bytes
 Hardware stack levels used:    1
 Hardware stack levels required when called:    1
 This function calls:
		_IdleI2C
 This function is called by:
		_FMwrite
		_FMread
 This function uses a non-reentrant model


 *************** function _IdleI2C *****************
 Defined at:
		line 24 in file "/Applications/microchip/xc8/v1.41/sources/pic18/plib/i2c/i2c_idle.c"
 Parameters:    Size  Location     Type
		None
 Auto vars:     Size  Location     Type
		None
 Return value:  Size  Location     Type
                  1    wreg      void 
 Registers used:
		wreg, status,2, status,0
 Tracked objects:
		On entry : 
		On exit  : 
		Unchanged: 
 Data sizes:     COMRAM   BANK0   BANK1   BANK2
      Params:         0       0       0       0
      Locals:         0       0       0       0
      Temps:          1       0       0       0
      Totals:         1       0       0       0
Total ram usage:        1 bytes
 Hardware stack levels used:    1
 This function calls:
		Nothing
 This function is called by:
		_FMwrite
		_FMread
		_WriteI2C
 This function uses a non-reentrant model


 *************** function _ReadI2C *****************
 Defined at:
		line 11 in file "/Applications/microchip/xc8/v1.41/sources/pic18/plib/i2c/i2c_read.c"
 Parameters:    Size  Location     Type
		None
 Auto vars:     Size  Location     Type
		None
 Return value:  Size  Location     Type
                  1    wreg      unsigned char 
 Registers used:
		wreg, status,2, status,0
 Tracked objects:
		On entry : 
		On exit  : 
		Unchanged: 
 Data sizes:     COMRAM   BANK0   BANK1   BANK2
      Params:         0       0       0       0
      Locals:         0       0       0       0
      Temps:          0       0       0       0
      Totals:         0       0       0       0
Total ram usage:        0 bytes
 Hardware stack levels used:    1
 This function calls:
		Nothing
 This function is called by:
		_FMread
 This function uses a non-reentrant model



MODULE INFORMATION

Module		Function		Class		Link	Load	Size
/Applications/microchip/xc8/v1.41/sources/pic18/plib/i2c/i2c_idle.c
		_IdleI2C       		CODE           	144E	0000	19

/Applications/microchip/xc8/v1.41/sources/pic18/plib/i2c/i2c_idle.c estimated size: 19

/Applications/microchip/xc8/v1.41/sources/common/lwmod.c
		___lwmod       		CODE           	132A	0000	67

/Applications/microchip/xc8/v1.41/sources/common/lwmod.c estimated size: 67

shared
		_regDflt       		SMALLCONST     	034D	0000	37
		_presetFreq    		SMALLCONST     	037B	0000	9
		__initialization		CODE           	1438	0000	13
		_Vol_data      		SMALLCONST     	0301	0000	77
		_LCDDigits     		SMALLCONST     	0371	0000	11

shared estimated size: 147

/Applications/microchip/xc8/v1.41/sources/pic18/plib/i2c/i2c_open.c
		_OpenI2C       		CODE           	13FE	0000	31

/Applications/microchip/xc8/v1.41/sources/pic18/plib/i2c/i2c_open.c estimated size: 31

/Applications/microchip/xc8/v1.41/sources/common/lwdiv.c
		___lwdiv       		CODE           	1292	0000	83

/Applications/microchip/xc8/v1.41/sources/common/lwdiv.c estimated size: 83

/Applications/microchip/xc8/v1.41/sources/pic18/plib/i2c/i2c_writ.c
		_WriteI2C      		CODE           	1234	0000	95

/Applications/microchip/xc8/v1.41/sources/pic18/plib/i2c/i2c_writ.c estimated size: 95

main.c
		_errfm         		CODE           	13DE	0000	33
		_butnEvent     		CODE           	0D60	0000	293
		_clrscn        		CODE           	136C	0000	65
		_FMread        		CODE           	0E84	0000	203
		_showFreq      		CODE           	0384	0000	519
		_main          		CODE           	0900	0000	417
		_FMready       		CODE           	12E4	0000	71
		_FMvers        		CODE           	1460	0000	17
		_FMinit        		CODE           	0F4E	0000	195
		_FMfrequenc    		CODE           	1092	0000	115
		_dly           		CODE           	13AC	0000	51
		_Init          		CODE           	11D2	0000	99
		_ManualChan    		CODE           	1104	0000	107
		_SeekChannel   		CODE           	0AA0	0000	373
		_Vol_change    		CODE           	058A	0000	463
		_showVol       		CODE           	0C14	0000	333
		_FMwrite       		CODE           	1010	0000	131
		_segWrt        		CODE           	116E	0000	101
		_presetFrequency		CODE           	0758	0000	425

main.c estimated size: 4011

/Applications/microchip/xc8/v1.41/sources/pic18/plib/i2c/i2c_read.c
		_ReadI2C       		CODE           	141C	0000	29

/Applications/microchip/xc8/v1.41/sources/pic18/plib/i2c/i2c_read.c estimated size: 29

